RAM Allocation [bytes]
Variable                                                                          Address   Size
------------------------------------------------------------------------------------------------
s                                                                                 0x0160      15
_seed                                                                             0x016F       4
_base_y                                                                           0x0173       4

EEPROM Allocation [bytes]
Variable                                                                          Address   Size
------------------------------------------------------------------------------------------------

Register Allocation
Variable                                                                          Register  Size
------------------------------------------------------------------------------------------------
a                                                                                 R4,R5        2
_lcd_x                                                                            R7           1
_lcd_y                                                                            R6           1
_lcd_maxx                                                                         R9           1

FLASH Allocation [words]
Function                                                                          Address   Size
------------------------------------------------------------------------------------------------
read_adc                                                                          0x00073     15
main                                                                              0x00082     76
put_buff_G101                                                                     0x000CE     64
_print_G101                                                                       0x0010E    308
sprintf                                                                           0x00242     52
_lcd_write_nibble_G102                                                            0x00276     20
_lcd_write_data                                                                   0x0028A     12
lcd_gotoxy                                                                        0x00296     13
lcd_clear                                                                         0x002A3     12
lcd_putchar                                                                       0x002AF     21
lcd_puts                                                                          0x002C4     17
lcd_init                                                                          0x002D5     45
strlen                                                                            0x00302     12
strlenf                                                                           0x0030E     13
